// Jest Snapshot v1, https://goo.gl/fbAQLP

exports[`<App /> should render when not initialized 1`] = `
<div
  className="sc-gKclnd bvMvZo bg-dark text-light"
>
  <nav
    className="sc-bdvvtL dqBChi navbar navbar-expand navbar-light bg-light"
  >
    <div
      className="container-fluid"
    >
      <span
        className="navbar-brand"
      >
        ToDEX
      </span>
    </div>
  </nav>
  <div
    className="sc-jRQBWg ccJCcb container-fluid"
  />
  <div
    className="fade modal-backdrop"
    onClick={[Function]}
  />
  <div
    aria-modal={true}
    className="fade modal"
    onClick={[Function]}
    onMouseUp={[Function]}
    role="dialog"
    style={Object {}}
    tabIndex={-1}
  >
    <div
      className="modal-dialog modal-sm modal-dialog-centered"
      onMouseDown={[Function]}
    >
      <div
        className="modal-content"
      >
        <div
          className="modal-header"
        >
          <div
            className="modal-title h4"
          >
            MetaMask
          </div>
        </div>
      </div>
    </div>
  </div>
</div>
`;
