// Jest Snapshot v1, https://goo.gl/fbAQLP

exports[`<DepositWithdraw /> should render 1`] = `
<div
  className="sc-bdvvtL BjOxt container"
>
  <div
    className="m-3 px-2 py-1 card"
  >
    <form
      className=""
    >
      <div
        className="my-3 row"
      >
        <div
          className="input-group has-validation"
        >
          <span
            className="input-group-text"
          >
            ETH
          </span>
          <input
            className="form-control"
            onChange={[Function]}
            placeholder="0"
            type="text"
            value=""
          />
        </div>
      </div>
      <div
        className="my-3 row"
      >
        <div
          className="btn-group"
          role="group"
        >
          <button
            className="btn btn-primary"
            disabled={true}
            onClick={[Function]}
            type="button"
          >
            Deposit
          </button>
          <button
            className="btn btn-primary"
            disabled={true}
            type="button"
          >
            Withdraw
          </button>
        </div>
      </div>
    </form>
  </div>
  <div
    className="m-3 px-2 py-1 card"
  >
    <form
      className=""
    >
      <div
        className="my-3 row"
      >
        <div
          className="input-group has-validation"
        >
          <span
            className="input-group-text"
          >
            TDX
          </span>
          <input
            className="form-control"
            onChange={[Function]}
            placeholder="0"
            type="text"
            value=""
          />
        </div>
      </div>
      <div
        className="my-3 row"
      >
        <div
          className="btn-group"
          role="group"
        >
          <button
            className="btn btn-primary"
            disabled={true}
            onClick={[Function]}
            type="button"
          >
            Deposit (Approve)
          </button>
          <button
            className="btn btn-primary"
            disabled={true}
            type="button"
          >
            Withdraw
          </button>
        </div>
      </div>
    </form>
  </div>
</div>
`;
